src/app/admin/orders/page.tsx(43,67): error TS2304: Cannot find name 'Order'.
src/app/admin/orders/page.tsx(168,44): error TS7053: Element implicitly has an 'any' type because expression of type '"placed" | "processing" | "shipped" | "delivered" | "cancelled"' can't be used to index type '{ placed: { label: string; icon: ForwardRefExoticComponent<Omit<LucideProps, "ref"> & RefAttributes<SVGSVGElement>>; color: string; }; confirmed: { ...; }; shipped: { ...; }; delivered: { ...; }; cancelled: { ...; }; }'.
  Property 'processing' does not exist on type '{ placed: { label: string; icon: ForwardRefExoticComponent<Omit<LucideProps, "ref"> & RefAttributes<SVGSVGElement>>; color: string; }; confirmed: { ...; }; shipped: { ...; }; delivered: { ...; }; cancelled: { ...; }; }'.
src/app/admin/orders/page.tsx(178,89): error TS7053: Element implicitly has an 'any' type because expression of type '"placed" | "processing" | "shipped" | "delivered" | "cancelled"' can't be used to index type '{ placed: { label: string; icon: ForwardRefExoticComponent<Omit<LucideProps, "ref"> & RefAttributes<SVGSVGElement>>; color: string; }; confirmed: { ...; }; shipped: { ...; }; delivered: { ...; }; cancelled: { ...; }; }'.
  Property 'processing' does not exist on type '{ placed: { label: string; icon: ForwardRefExoticComponent<Omit<LucideProps, "ref"> & RefAttributes<SVGSVGElement>>; color: string; }; confirmed: { ...; }; shipped: { ...; }; delivered: { ...; }; cancelled: { ...; }; }'.
src/app/admin/orders/page.tsx(180,50): error TS7053: Element implicitly has an 'any' type because expression of type '"placed" | "processing" | "shipped" | "delivered" | "cancelled"' can't be used to index type '{ placed: { label: string; icon: ForwardRefExoticComponent<Omit<LucideProps, "ref"> & RefAttributes<SVGSVGElement>>; color: string; }; confirmed: { ...; }; shipped: { ...; }; delivered: { ...; }; cancelled: { ...; }; }'.
  Property 'processing' does not exist on type '{ placed: { label: string; icon: ForwardRefExoticComponent<Omit<LucideProps, "ref"> & RefAttributes<SVGSVGElement>>; color: string; }; confirmed: { ...; }; shipped: { ...; }; delivered: { ...; }; cancelled: { ...; }; }'.
src/components/admin/WholesaleProductPicker.tsx(162,68): error TS2339: Property 'url' does not exist on type 'string'.
src/components/admin/WholesaleProductPicker.tsx(235,68): error TS2339: Property 'url' does not exist on type 'string'.
