src/index.ts(4,30): error TS7016: Could not find a declaration file for module 'uuid'. 'C:/Personal Projects/WholeSale Orchids/website/node_modules/.pnpm/uuid@9.0.1/node_modules/uuid/dist/index.js' implicitly has an 'any' type.
  Try `npm i --save-dev @types/uuid` if it exists or add a new declaration (.d.ts) file containing `declare module 'uuid';`
src/routes/collections.ts(135,29): error TS2339: Property 'user' does not exist on type 'Request<ParamsDictionary, any, any, ParsedQs, Record<string, any>>'.
src/routes/collections.ts(168,29): error TS2339: Property 'user' does not exist on type 'Request<ParamsDictionary, any, any, ParsedQs, Record<string, any>>'.
src/routes/collections.ts(193,29): error TS2339: Property 'user' does not exist on type 'Request<ParamsDictionary, any, any, ParsedQs, Record<string, any>>'.
src/routes/invoices.ts(18,30): error TS2307: Cannot find module '../services/orderService' or its corresponding type declarations.
src/routes/upload.ts(38,38): error TS2339: Property 'user' does not exist on type 'Request<ParamsDictionary, any, any, ParsedQs, Record<string, any>>'.
src/routes/webhook.ts(3,69): error TS2307: Cannot find module '../services/orderService' or its corresponding type declarations.
src/scheduled/dailyBackup.ts(1,28): error TS2307: Cannot find module 'firebase-functions' or its corresponding type declarations.
src/scheduled/dailyBackup.ts(20,23): error TS7006: Parameter 'message' implicitly has an 'any' type.
src/services/comboPricingService.ts(3,32): error TS2307: Cannot find module './productService' or its corresponding type declarations.
src/services/customerAnalyticsService.ts(230,89): error TS2339: Property 'quantity' does not exist on type 'OrderItem | WholesaleBundleItem'.
  Property 'quantity' does not exist on type 'WholesaleBundleItem'.
src/services/emailService.ts(55,80): error TS2339: Property 'size' does not exist on type 'OrderItem | WholesaleBundleItem'.
  Property 'size' does not exist on type 'WholesaleBundleItem'.
src/services/emailService.ts(58,16): error TS2339: Property 'quantity' does not exist on type 'OrderItem | WholesaleBundleItem'.
  Property 'quantity' does not exist on type 'WholesaleBundleItem'.
src/services/emailService.ts(61,17): error TS2339: Property 'price' does not exist on type 'OrderItem | WholesaleBundleItem'.
  Property 'price' does not exist on type 'WholesaleBundleItem'.
src/services/invoiceService.ts(11,30): error TS2307: Cannot find module './orderService' or its corresponding type declarations.
src/services/invoiceService.ts(141,51): error TS7006: Parameter 'sum' implicitly has an 'any' type.
src/services/invoiceService.ts(141,56): error TS7006: Parameter 'r' implicitly has an 'any' type.
src/services/pdfGeneratorService.ts(113,23): error TS2339: Property 'size' does not exist on type 'OrderItem | WholesaleBundleItem'.
  Property 'size' does not exist on type 'WholesaleBundleItem'.
src/services/pdfGeneratorService.ts(114,23): error TS2339: Property 'quantity' does not exist on type 'OrderItem | WholesaleBundleItem'.
  Property 'quantity' does not exist on type 'WholesaleBundleItem'.
src/services/pdfGeneratorService.ts(115,27): error TS2339: Property 'price' does not exist on type 'OrderItem | WholesaleBundleItem'.
  Property 'price' does not exist on type 'WholesaleBundleItem'.
src/services/pdfGeneratorService.ts(116,27): error TS2339: Property 'price' does not exist on type 'OrderItem | WholesaleBundleItem'.
  Property 'price' does not exist on type 'WholesaleBundleItem'.
src/services/pdfGeneratorService.ts(116,40): error TS2339: Property 'quantity' does not exist on type 'OrderItem | WholesaleBundleItem'.
  Property 'quantity' does not exist on type 'WholesaleBundleItem'.
